// Jest Snapshot v1, https://goo.gl/fbAQLP

exports[`1. snapshot for style block 1`] = `
<style>
{
  "IS1": {
    "color": "blue",
  },
}
</style>

<Text
  accessible={true}
  allowFontScaling={true}
  className="IS1"
  ellipsizeMode="tail"
  foo="bar"
>
  Some text
</Text>
`;

exports[`2. snapshot for style block with array 1`] = `
.c0 {
  font-size: 1.5em;
  text-align: center;
  color: palevioletred;
}

Array [
  <styled.h1>
    <h1
      className="c0"
    />
  </styled.h1>,
  <styled.h1>
    <h1
      className="c0"
    />
  </styled.h1>,
]
`;

exports[`3. snapshot for style block and styled components 1`] = `
.c0 {
  font-size: 1.5em;
  text-align: center;
  color: palevioletred;
}

<style>
{
  "IS1": {
    "color": "blue",
  },
  "IS2": {
    "color": "blue",
  },
}
</style>

<styled.h1
  className="IS2"
>
  <h1
    className="c0 IS1"
  />
</styled.h1>
`;
